

================================================================
== Vitis HLS Report for 'dataflow_in_loop_l_ni_1_Loop_l_load_B_tile_bk_proc'
================================================================
* Date:           Mon Nov  4 21:47:46 2024

* Version:        2023.2 (Build 4023990 on Oct 11 2023)
* Project:        systolic_modulate
* Solution:       hls (Vivado IP Flow Target)
* Product family: virtexuplusHBM
* Target device:  xcu280-fsvh2892-2L-e


================================================================
== Performance Estimates
================================================================
+ Timing: 
    * Summary: 
    +--------+----------+----------+------------+
    |  Clock |  Target  | Estimated| Uncertainty|
    +--------+----------+----------+------------+
    |ap_clk  |  10.00 ns|  4.131 ns|     2.70 ns|
    +--------+----------+----------+------------+

+ Latency: 
    * Summary: 
    +---------+---------+----------+----------+-----+-----+---------+
    |  Latency (cycles) |  Latency (absolute) |  Interval | Pipeline|
    |   min   |   max   |    min   |    max   | min | max |   Type  |
    +---------+---------+----------+----------+-----+-----+---------+
    |       66|       66|  0.660 us|  0.660 us|   66|   66|       no|
    +---------+---------+----------+----------+-----+-----+---------+

    + Detail: 
        * Instance: 
        N/A

        * Loop: 
        +-------------------------+---------+---------+----------+-----------+-----------+------+----------+
        |                         |  Latency (cycles) | Iteration|  Initiation Interval  | Trip |          |
        |        Loop Name        |   min   |   max   |  Latency |  achieved |   target  | Count| Pipelined|
        +-------------------------+---------+---------+----------+-----------+-----------+------+----------+
        |- l_load_B_tile_bk_l_bj  |       64|       64|         2|          1|          1|    64|       yes|
        +-------------------------+---------+---------+----------+-----------+-----------+------+----------+



================================================================
== Utilization Estimates
================================================================
* Summary: 
+---------------------+---------+------+---------+---------+-----+
|         Name        | BRAM_18K|  DSP |    FF   |   LUT   | URAM|
+---------------------+---------+------+---------+---------+-----+
|DSP                  |        -|     -|        -|        -|    -|
|Expression           |        -|     -|        0|      129|    -|
|FIFO                 |        -|     -|        -|        -|    -|
|Instance             |        -|     -|        -|        -|    -|
|Memory               |        -|     -|        -|        -|    -|
|Multiplexer          |        -|     -|        -|       72|    -|
|Register             |        -|     -|       25|        -|    -|
+---------------------+---------+------+---------+---------+-----+
|Total                |        0|     0|       25|      201|    0|
+---------------------+---------+------+---------+---------+-----+
|Available SLR        |     1344|  3008|   869120|   434560|  320|
+---------------------+---------+------+---------+---------+-----+
|Utilization SLR (%)  |        0|     0|       ~0|       ~0|    0|
+---------------------+---------+------+---------+---------+-----+
|Available            |     4032|  9024|  2607360|  1303680|  960|
+---------------------+---------+------+---------+---------+-----+
|Utilization (%)      |        0|     0|       ~0|       ~0|    0|
+---------------------+---------+------+---------+---------+-----+

+ Detail: 
    * Instance: 
    N/A

    * DSP: 
    N/A

    * Memory: 
    N/A

    * FIFO: 
    N/A

    * Expression: 
    +---------------------------+----------+----+---+----+------------+------------+
    |       Variable Name       | Operation| DSP| FF| LUT| Bitwidth P0| Bitwidth P1|
    +---------------------------+----------+----+---+----+------------+------------+
    |add_ln666_1_fu_253_p2      |         +|   0|  0|  14|           7|           1|
    |add_ln666_fu_265_p2        |         +|   0|  0|  12|           4|           1|
    |add_ln667_fu_352_p2        |         +|   0|  0|  12|           4|           1|
    |add_ln669_1_fu_337_p2      |         +|   0|  0|  17|          11|          11|
    |add_ln669_fu_327_p2        |         +|   0|  0|  16|           9|           9|
    |sub_ln669_fu_317_p2        |         -|   0|  0|  17|          11|          11|
    |ap_condition_152           |       and|   0|  0|   2|           1|           1|
    |icmp_ln666_fu_247_p2       |      icmp|   0|  0|  15|           7|           8|
    |icmp_ln667_fu_271_p2       |      icmp|   0|  0|  12|           4|           5|
    |ap_block_pp0_stage0_11001  |        or|   0|  0|   2|           1|           1|
    |select_ln666_1_fu_285_p3   |    select|   0|  0|   4|           1|           4|
    |select_ln666_fu_277_p3     |    select|   0|  0|   4|           1|           1|
    |ap_enable_pp0              |       xor|   0|  0|   2|           1|           2|
    +---------------------------+----------+----+---+----+------------+------------+
    |Total                      |          |   0|  0| 129|          62|          56|
    +---------------------------+----------+----+---+----+------------+------------+

    * Multiplexer: 
    +--------------------------------------+----+-----------+-----+-----------+
    |                 Name                 | LUT| Input Size| Bits| Total Bits|
    +--------------------------------------+----+-----------+-----+-----------+
    |ap_done_int                           |   9|          2|    1|          2|
    |ap_enable_reg_pp0_iter1               |   9|          2|    1|          2|
    |ap_sig_allocacmp_bj_load              |   9|          2|    4|          8|
    |ap_sig_allocacmp_bk_load              |   9|          2|    4|          8|
    |ap_sig_allocacmp_indvar_flatten_load  |   9|          2|    7|         14|
    |bj_fu_82                              |   9|          2|    4|          8|
    |bk_fu_86                              |   9|          2|    4|          8|
    |indvar_flatten_fu_90                  |   9|          2|    7|         14|
    +--------------------------------------+----+-----------+-----+-----------+
    |Total                                 |  72|         16|   32|         64|
    +--------------------------------------+----+-----------+-----+-----------+

    * Register: 
    +-------------------------+---+----+-----+-----------+
    |           Name          | FF| LUT| Bits| Const Bits|
    +-------------------------+---+----+-----+-----------+
    |ap_CS_fsm                |  1|   0|    1|          0|
    |ap_done_reg              |  1|   0|    1|          0|
    |ap_enable_reg_pp0_iter1  |  1|   0|    1|          0|
    |bj_fu_82                 |  4|   0|    4|          0|
    |bk_fu_86                 |  4|   0|    4|          0|
    |indvar_flatten_fu_90     |  7|   0|    7|          0|
    |select_ln666_1_reg_420   |  4|   0|    4|          0|
    |trunc_ln667_reg_430      |  3|   0|    3|          0|
    +-------------------------+---+----+-----+-----------+
    |Total                    | 25|   0|   25|          0|
    +-------------------------+---+----+-----+-----------+



================================================================
== Interface
================================================================
* Summary: 
+-----------------------+-----+-----+------------+----------------------------------------------------+--------------+
|       RTL Ports       | Dir | Bits|  Protocol  |                    Source Object                   |    C Type    |
+-----------------------+-----+-----+------------+----------------------------------------------------+--------------+
|ap_clk                 |   in|    1|  ap_ctrl_hs|  dataflow_in_loop_l_ni.1_Loop_l_load_B_tile_bk_proc|  return value|
|ap_rst                 |   in|    1|  ap_ctrl_hs|  dataflow_in_loop_l_ni.1_Loop_l_load_B_tile_bk_proc|  return value|
|ap_start               |   in|    1|  ap_ctrl_hs|  dataflow_in_loop_l_ni.1_Loop_l_load_B_tile_bk_proc|  return value|
|ap_done                |  out|    1|  ap_ctrl_hs|  dataflow_in_loop_l_ni.1_Loop_l_load_B_tile_bk_proc|  return value|
|ap_continue            |   in|    1|  ap_ctrl_hs|  dataflow_in_loop_l_ni.1_Loop_l_load_B_tile_bk_proc|  return value|
|ap_idle                |  out|    1|  ap_ctrl_hs|  dataflow_in_loop_l_ni.1_Loop_l_load_B_tile_bk_proc|  return value|
|ap_ready               |  out|    1|  ap_ctrl_hs|  dataflow_in_loop_l_ni.1_Loop_l_load_B_tile_bk_proc|  return value|
|local_B_address0       |  out|    3|   ap_memory|                                             local_B|         array|
|local_B_ce0            |  out|    1|   ap_memory|                                             local_B|         array|
|local_B_we0            |  out|    1|   ap_memory|                                             local_B|         array|
|local_B_d0             |  out|   32|   ap_memory|                                             local_B|         array|
|local_B_1_address0     |  out|    3|   ap_memory|                                           local_B_1|         array|
|local_B_1_ce0          |  out|    1|   ap_memory|                                           local_B_1|         array|
|local_B_1_we0          |  out|    1|   ap_memory|                                           local_B_1|         array|
|local_B_1_d0           |  out|   32|   ap_memory|                                           local_B_1|         array|
|local_B_2_address0     |  out|    3|   ap_memory|                                           local_B_2|         array|
|local_B_2_ce0          |  out|    1|   ap_memory|                                           local_B_2|         array|
|local_B_2_we0          |  out|    1|   ap_memory|                                           local_B_2|         array|
|local_B_2_d0           |  out|   32|   ap_memory|                                           local_B_2|         array|
|local_B_3_address0     |  out|    3|   ap_memory|                                           local_B_3|         array|
|local_B_3_ce0          |  out|    1|   ap_memory|                                           local_B_3|         array|
|local_B_3_we0          |  out|    1|   ap_memory|                                           local_B_3|         array|
|local_B_3_d0           |  out|   32|   ap_memory|                                           local_B_3|         array|
|local_B_3_19_address0  |  out|    3|   ap_memory|                                        local_B_3_19|         array|
|local_B_3_19_ce0       |  out|    1|   ap_memory|                                        local_B_3_19|         array|
|local_B_3_19_we0       |  out|    1|   ap_memory|                                        local_B_3_19|         array|
|local_B_3_19_d0        |  out|   32|   ap_memory|                                        local_B_3_19|         array|
|local_B_2_18_address0  |  out|    3|   ap_memory|                                        local_B_2_18|         array|
|local_B_2_18_ce0       |  out|    1|   ap_memory|                                        local_B_2_18|         array|
|local_B_2_18_we0       |  out|    1|   ap_memory|                                        local_B_2_18|         array|
|local_B_2_18_d0        |  out|   32|   ap_memory|                                        local_B_2_18|         array|
|local_B_1_17_address0  |  out|    3|   ap_memory|                                        local_B_1_17|         array|
|local_B_1_17_ce0       |  out|    1|   ap_memory|                                        local_B_1_17|         array|
|local_B_1_17_we0       |  out|    1|   ap_memory|                                        local_B_1_17|         array|
|local_B_1_17_d0        |  out|   32|   ap_memory|                                        local_B_1_17|         array|
|local_B_4_address0     |  out|    3|   ap_memory|                                           local_B_4|         array|
|local_B_4_ce0          |  out|    1|   ap_memory|                                           local_B_4|         array|
|local_B_4_we0          |  out|    1|   ap_memory|                                           local_B_4|         array|
|local_B_4_d0           |  out|   32|   ap_memory|                                           local_B_4|         array|
|indvars_iv26           |   in|    5|     ap_none|                                        indvars_iv26|        scalar|
|v218_address0          |  out|   11|   ap_memory|                                                v218|         array|
|v218_ce0               |  out|    1|   ap_memory|                                                v218|         array|
|v218_q0                |   in|   32|   ap_memory|                                                v218|         array|
+-----------------------+-----+-----+------------+----------------------------------------------------+--------------+

